[    1471ms] [LOG] ℹ️ Discourse v2026.6.0-latest — https://github.com/discourse/discourse/commits/7f4fd5cf63 — Ember v6.10.1 @ https://cdn3.ldstatic.com/assets/br/discourse-n9mlzy3q.digested.js:139
[    1530ms] [WARNING] [THEME 29 'PDF previews'] DEPRECATION NOTICE: Accessing `site.mobileView` or `site.desktopView` during the site initialization can lead to errors and inconsistencies when the browser window is resized. Please move these checks to a component, transformer, or API callback that executes during page rendering. [deprecated since Discourse 3.5.0.beta9-dev] [deprecation id: discourse.static-viewport-initialization] [info: https://meta.discourse.org/t/367810] @ https://cdn3.ldstatic.com/assets/br/runtime-CYyqkz5q-hfc2brma.digested.js:0
[    3148ms] [LOG] /.*.*=.*/ @ https://challenges.cloudflare.com/cdn-cgi/challenge-platform/h/b/turnstile/f/ov2/av0/rch/1r6oh/0x4AAAAAAAc2BQjPEms9tKlM/auto/fbE/new/normal?lang=auto:0
[    3148ms] [LOG] /.*.*=.*/ @ https://challenges.cloudflare.com/cdn-cgi/challenge-platform/h/b/turnstile/f/ov2/av0/rch/1r6oh/0x4AAAAAAAc2BQjPEms9tKlM/auto/fbE/new/normal?lang=auto:0
[    3148ms] [LOG] function () { [native code] } @ https://challenges.cloudflare.com/cdn-cgi/challenge-platform/h/b/turnstile/f/ov2/av0/rch/1r6oh/0x4AAAAAAAc2BQjPEms9tKlM/auto/fbE/new/normal?lang=auto:0
[    3148ms] [LOG] function () { [native code] } @ https://challenges.cloudflare.com/cdn-cgi/challenge-platform/h/b/turnstile/f/ov2/av0/rch/1r6oh/0x4AAAAAAAc2BQjPEms9tKlM/auto/fbE/new/normal?lang=auto:0
[    3149ms] [LOG] JSHandle@node @ https://challenges.cloudflare.com/cdn-cgi/challenge-platform/h/b/turnstile/f/ov2/av0/rch/1r6oh/0x4AAAAAAAc2BQjPEms9tKlM/auto/fbE/new/normal?lang=auto:0
[    3149ms] [LOG] JSHandle@node @ https://challenges.cloudflare.com/cdn-cgi/challenge-platform/h/b/turnstile/f/ov2/av0/rch/1r6oh/0x4AAAAAAAc2BQjPEms9tKlM/auto/fbE/new/normal?lang=auto:0
[    3149ms] [COUNT] \0: 1 @ https://challenges.cloudflare.com/cdn-cgi/challenge-platform/h/b/turnstile/f/ov2/av0/rch/1r6oh/0x4AAAAAAAc2BQjPEms9tKlM/auto/fbE/new/normal?lang=auto:0
[    3149ms] [COUNT] \0: 1 @ https://challenges.cloudflare.com/cdn-cgi/challenge-platform/h/b/turnstile/f/ov2/av0/rch/1r6oh/0x4AAAAAAAc2BQjPEms9tKlM/auto/fbE/new/normal?lang=auto:0
[    3150ms] [DIR]  Error @ https://challenges.cloudflare.com/cdn-cgi/challenge-platform/h/b/turnstile/f/ov2/av0/rch/1r6oh/0x4AAAAAAAc2BQjPEms9tKlM/auto/fbE/new/normal?lang=auto:0
[    3150ms] [DIR]  Error @ https://challenges.cloudflare.com/cdn-cgi/challenge-platform/h/b/turnstile/f/ov2/av0/rch/1r6oh/0x4AAAAAAAc2BQjPEms9tKlM/auto/fbE/new/normal?lang=auto:0
[    3150ms] [DIRXML] %c%d font-size:0;color:transparent Error @ https://challenges.cloudflare.com/cdn-cgi/challenge-platform/h/b/turnstile/f/ov2/av0/rch/1r6oh/0x4AAAAAAAc2BQjPEms9tKlM/auto/fbE/new/normal?lang=auto:0
[    3150ms] [DIRXML] %c%d font-size:0;color:transparent Error @ https://challenges.cloudflare.com/cdn-cgi/challenge-platform/h/b/turnstile/f/ov2/av0/rch/1r6oh/0x4AAAAAAAc2BQjPEms9tKlM/auto/fbE/new/normal?lang=auto:0
[    3150ms] [ERROR] %c%d font-size:0;color:transparent NaN @ https://challenges.cloudflare.com/cdn-cgi/challenge-platform/h/b/turnstile/f/ov2/av0/rch/1r6oh/0x4AAAAAAAc2BQjPEms9tKlM/auto/fbE/new/normal?lang=auto:0
[    3151ms] [ERROR] %c%d font-size:0;color:transparent NaN @ https://challenges.cloudflare.com/cdn-cgi/challenge-platform/h/b/turnstile/f/ov2/av0/rch/1r6oh/0x4AAAAAAAc2BQjPEms9tKlM/auto/fbE/new/normal?lang=auto:0
[    3151ms] [INFO] %c%d font-size:0;color:transparent NaN @ https://challenges.cloudflare.com/cdn-cgi/challenge-platform/h/b/turnstile/f/ov2/av0/rch/1r6oh/0x4AAAAAAAc2BQjPEms9tKlM/auto/fbE/new/normal?lang=auto:0
[    3151ms] [INFO] %c%d font-size:0;color:transparent NaN @ https://challenges.cloudflare.com/cdn-cgi/challenge-platform/h/b/turnstile/f/ov2/av0/rch/1r6oh/0x4AAAAAAAc2BQjPEms9tKlM/auto/fbE/new/normal?lang=auto:0
[    3151ms] [LOG] %c%d font-size:0;color:transparent NaN @ https://challenges.cloudflare.com/cdn-cgi/challenge-platform/h/b/turnstile/f/ov2/av0/rch/1r6oh/0x4AAAAAAAc2BQjPEms9tKlM/auto/fbE/new/normal?lang=auto:0
[    3151ms] [LOG] %c%d font-size:0;color:transparent NaN @ https://challenges.cloudflare.com/cdn-cgi/challenge-platform/h/b/turnstile/f/ov2/av0/rch/1r6oh/0x4AAAAAAAc2BQjPEms9tKlM/auto/fbE/new/normal?lang=auto:0
[    3151ms] [TABLE] %c%d font-size:0;color:transparent Error @ https://challenges.cloudflare.com/cdn-cgi/challenge-platform/h/b/turnstile/f/ov2/av0/rch/1r6oh/0x4AAAAAAAc2BQjPEms9tKlM/auto/fbE/new/normal?lang=auto:0
[    3151ms] [TABLE] %c%d font-size:0;color:transparent Error @ https://challenges.cloudflare.com/cdn-cgi/challenge-platform/h/b/turnstile/f/ov2/av0/rch/1r6oh/0x4AAAAAAAc2BQjPEms9tKlM/auto/fbE/new/normal?lang=auto:0
[    3152ms] [WARNING] %c%d font-size:0;color:transparent NaN @ https://challenges.cloudflare.com/cdn-cgi/challenge-platform/h/b/turnstile/f/ov2/av0/rch/1r6oh/0x4AAAAAAAc2BQjPEms9tKlM/auto/fbE/new/normal?lang=auto:0
[    3152ms] [WARNING] %c%d font-size:0;color:transparent NaN @ https://challenges.cloudflare.com/cdn-cgi/challenge-platform/h/b/turnstile/f/ov2/av0/rch/1r6oh/0x4AAAAAAAc2BQjPEms9tKlM/auto/fbE/new/normal?lang=auto:0
[    3299ms] [LOG] The next request for the Private Access Token challenge may return a 401 and show a warning in console. @ https://challenges.cloudflare.com/cdn-cgi/challenge-platform/h/b/turnstile/f/ov2/av0/rch/1r6oh/0x4AAAAAAAc2BQjPEms9tKlM/auto/fbE/new/normal?lang=auto:0
[    3363ms] [ERROR] Failed to load resource: the server responded with a status of 401 () @ https://challenges.cloudflare.com/cdn-cgi/challenge-platform/h/b/pat/a0a9c41aacd9e2e2/1781276856331/00a6f7d028abf2d385e9abff599ef9b55920c5478b0e0217804d3c732aef599e/s9pNyk3geJvXswH:0
[    3535ms] [ERROR] This document requires 'TrustedScript' assignment. The action has been blocked. @ https://challenges.cloudflare.com/cdn-cgi/challenge-platform/h/b/turnstile/f/ov2/av0/rch/1r6oh/0x4AAAAAAAc2BQjPEms9tKlM/auto/fbE/new/normal?lang=auto:0
[    3535ms] [ERROR] This document requires 'TrustedScript' assignment. The action has been blocked. @ https://challenges.cloudflare.com/cdn-cgi/challenge-platform/h/b/turnstile/f/ov2/av0/rch/1r6oh/0x4AAAAAAAc2BQjPEms9tKlM/auto/fbE/new/normal?lang=auto:0
[    6892ms] [WARNING] The resource https://challenges.cloudflare.com/cdn-cgi/challenge-platform/h/b/cmg/1 was preloaded using link preload but not used within a few seconds from the window's load event. Please make sure it has an appropriate `as` value and it is preloaded intentionally. @ https://challenges.cloudflare.com/cdn-cgi/challenge-platform/h/b/turnstile/f/ov2/av0/rch/1r6oh/0x4AAAAAAAc2BQjPEms9tKlM/auto/fbE/new/normal?lang=auto:0
