[    1106ms] [LOG] ℹ️ Discourse v2026.6.0-latest — https://github.com/discourse/discourse/commits/7f4fd5cf63 — Ember v6.10.1 @ https://cdn3.ldstatic.com/assets/br/discourse-n9mlzy3q.digested.js:139
[    1165ms] [WARNING] [THEME 29 'PDF previews'] DEPRECATION NOTICE: Accessing `site.mobileView` or `site.desktopView` during the site initialization can lead to errors and inconsistencies when the browser window is resized. Please move these checks to a component, transformer, or API callback that executes during page rendering. [deprecated since Discourse 3.5.0.beta9-dev] [deprecation id: discourse.static-viewport-initialization] [info: https://meta.discourse.org/t/367810] @ https://cdn3.ldstatic.com/assets/br/runtime-CYyqkz5q-hfc2brma.digested.js:0
[    2956ms] [ERROR] This document requires 'TrustedScript' assignment. The action has been blocked. @ https://challenges.cloudflare.com/cdn-cgi/challenge-platform/h/b/turnstile/f/ov2/av0/rch/adbsa/0x4AAAAAAAc2BQjPEms9tKlM/auto/fbE/new/normal?lang=auto:0
[    2956ms] [ERROR] This document requires 'TrustedScript' assignment. The action has been blocked. @ https://challenges.cloudflare.com/cdn-cgi/challenge-platform/h/b/turnstile/f/ov2/av0/rch/adbsa/0x4AAAAAAAc2BQjPEms9tKlM/auto/fbE/new/normal?lang=auto:0
[    3061ms] [LOG] The next request for the Private Access Token challenge may return a 401 and show a warning in console. @ https://challenges.cloudflare.com/cdn-cgi/challenge-platform/h/b/turnstile/f/ov2/av0/rch/adbsa/0x4AAAAAAAc2BQjPEms9tKlM/auto/fbE/new/normal?lang=auto:0
[    3156ms] [ERROR] Failed to load resource: the server responded with a status of 401 () @ https://challenges.cloudflare.com/cdn-cgi/challenge-platform/h/b/pat/a0a9c3a6bf1be2e2/1781276837714/dce0e4321bbb49a7c69f0a10c723f0d958e971ad8c3d9d16563abc93539b65fc/EVXsA6J6yFxDO9t:0
[    3291ms] [LOG] /.*.*=.*/ @ https://challenges.cloudflare.com/cdn-cgi/challenge-platform/h/b/turnstile/f/ov2/av0/rch/adbsa/0x4AAAAAAAc2BQjPEms9tKlM/auto/fbE/new/normal?lang=auto:0
[    3291ms] [LOG] /.*.*=.*/ @ https://challenges.cloudflare.com/cdn-cgi/challenge-platform/h/b/turnstile/f/ov2/av0/rch/adbsa/0x4AAAAAAAc2BQjPEms9tKlM/auto/fbE/new/normal?lang=auto:0
[    3291ms] [LOG] function () { [native code] } @ https://challenges.cloudflare.com/cdn-cgi/challenge-platform/h/b/turnstile/f/ov2/av0/rch/adbsa/0x4AAAAAAAc2BQjPEms9tKlM/auto/fbE/new/normal?lang=auto:0
[    3291ms] [LOG] function () { [native code] } @ https://challenges.cloudflare.com/cdn-cgi/challenge-platform/h/b/turnstile/f/ov2/av0/rch/adbsa/0x4AAAAAAAc2BQjPEms9tKlM/auto/fbE/new/normal?lang=auto:0
[    3291ms] [LOG] JSHandle@node @ https://challenges.cloudflare.com/cdn-cgi/challenge-platform/h/b/turnstile/f/ov2/av0/rch/adbsa/0x4AAAAAAAc2BQjPEms9tKlM/auto/fbE/new/normal?lang=auto:0
[    3291ms] [LOG] JSHandle@node @ https://challenges.cloudflare.com/cdn-cgi/challenge-platform/h/b/turnstile/f/ov2/av0/rch/adbsa/0x4AAAAAAAc2BQjPEms9tKlM/auto/fbE/new/normal?lang=auto:0
[    3292ms] [COUNT] \0: 1 @ https://challenges.cloudflare.com/cdn-cgi/challenge-platform/h/b/turnstile/f/ov2/av0/rch/adbsa/0x4AAAAAAAc2BQjPEms9tKlM/auto/fbE/new/normal?lang=auto:0
[    3292ms] [COUNT] \0: 1 @ https://challenges.cloudflare.com/cdn-cgi/challenge-platform/h/b/turnstile/f/ov2/av0/rch/adbsa/0x4AAAAAAAc2BQjPEms9tKlM/auto/fbE/new/normal?lang=auto:0
[    3292ms] [DIR]  Error @ https://challenges.cloudflare.com/cdn-cgi/challenge-platform/h/b/turnstile/f/ov2/av0/rch/adbsa/0x4AAAAAAAc2BQjPEms9tKlM/auto/fbE/new/normal?lang=auto:0
[    3292ms] [DIR]  Error @ https://challenges.cloudflare.com/cdn-cgi/challenge-platform/h/b/turnstile/f/ov2/av0/rch/adbsa/0x4AAAAAAAc2BQjPEms9tKlM/auto/fbE/new/normal?lang=auto:0
[    3292ms] [DIRXML] %c%d font-size:0;color:transparent Error @ https://challenges.cloudflare.com/cdn-cgi/challenge-platform/h/b/turnstile/f/ov2/av0/rch/adbsa/0x4AAAAAAAc2BQjPEms9tKlM/auto/fbE/new/normal?lang=auto:0
[    3293ms] [DIRXML] %c%d font-size:0;color:transparent Error @ https://challenges.cloudflare.com/cdn-cgi/challenge-platform/h/b/turnstile/f/ov2/av0/rch/adbsa/0x4AAAAAAAc2BQjPEms9tKlM/auto/fbE/new/normal?lang=auto:0
[    3294ms] [ERROR] %c%d font-size:0;color:transparent NaN @ https://challenges.cloudflare.com/cdn-cgi/challenge-platform/h/b/turnstile/f/ov2/av0/rch/adbsa/0x4AAAAAAAc2BQjPEms9tKlM/auto/fbE/new/normal?lang=auto:0
[    3294ms] [ERROR] %c%d font-size:0;color:transparent NaN @ https://challenges.cloudflare.com/cdn-cgi/challenge-platform/h/b/turnstile/f/ov2/av0/rch/adbsa/0x4AAAAAAAc2BQjPEms9tKlM/auto/fbE/new/normal?lang=auto:0
[    3294ms] [INFO] %c%d font-size:0;color:transparent NaN @ https://challenges.cloudflare.com/cdn-cgi/challenge-platform/h/b/turnstile/f/ov2/av0/rch/adbsa/0x4AAAAAAAc2BQjPEms9tKlM/auto/fbE/new/normal?lang=auto:0
[    3294ms] [INFO] %c%d font-size:0;color:transparent NaN @ https://challenges.cloudflare.com/cdn-cgi/challenge-platform/h/b/turnstile/f/ov2/av0/rch/adbsa/0x4AAAAAAAc2BQjPEms9tKlM/auto/fbE/new/normal?lang=auto:0
[    3294ms] [LOG] %c%d font-size:0;color:transparent NaN @ https://challenges.cloudflare.com/cdn-cgi/challenge-platform/h/b/turnstile/f/ov2/av0/rch/adbsa/0x4AAAAAAAc2BQjPEms9tKlM/auto/fbE/new/normal?lang=auto:0
[    3294ms] [LOG] %c%d font-size:0;color:transparent NaN @ https://challenges.cloudflare.com/cdn-cgi/challenge-platform/h/b/turnstile/f/ov2/av0/rch/adbsa/0x4AAAAAAAc2BQjPEms9tKlM/auto/fbE/new/normal?lang=auto:0
[    3294ms] [TABLE] %c%d font-size:0;color:transparent Error @ https://challenges.cloudflare.com/cdn-cgi/challenge-platform/h/b/turnstile/f/ov2/av0/rch/adbsa/0x4AAAAAAAc2BQjPEms9tKlM/auto/fbE/new/normal?lang=auto:0
[    3295ms] [TABLE] %c%d font-size:0;color:transparent Error @ https://challenges.cloudflare.com/cdn-cgi/challenge-platform/h/b/turnstile/f/ov2/av0/rch/adbsa/0x4AAAAAAAc2BQjPEms9tKlM/auto/fbE/new/normal?lang=auto:0
[    3295ms] [WARNING] %c%d font-size:0;color:transparent NaN @ https://challenges.cloudflare.com/cdn-cgi/challenge-platform/h/b/turnstile/f/ov2/av0/rch/adbsa/0x4AAAAAAAc2BQjPEms9tKlM/auto/fbE/new/normal?lang=auto:0
[    3295ms] [WARNING] %c%d font-size:0;color:transparent NaN @ https://challenges.cloudflare.com/cdn-cgi/challenge-platform/h/b/turnstile/f/ov2/av0/rch/adbsa/0x4AAAAAAAc2BQjPEms9tKlM/auto/fbE/new/normal?lang=auto:0
[    6584ms] [WARNING] The resource https://challenges.cloudflare.com/cdn-cgi/challenge-platform/h/b/cmg/1 was preloaded using link preload but not used within a few seconds from the window's load event. Please make sure it has an appropriate `as` value and it is preloaded intentionally. @ https://challenges.cloudflare.com/cdn-cgi/challenge-platform/h/b/turnstile/f/ov2/av0/rch/adbsa/0x4AAAAAAAc2BQjPEms9tKlM/auto/fbE/new/normal?lang=auto:0
