[    2218ms] [VERBOSE] [DOM] Input elements should have autocomplete attributes (suggested: "current-password"): (More info: https://goo.gl/9p2vKq) %o @ https://linux.do/login:0
[    2314ms] [LOG] ℹ️ Discourse v2026.6.0-latest — https://github.com/discourse/discourse/commits/7f4fd5cf63 — Ember v6.10.1 @ https://cdn3.ldstatic.com/assets/br/discourse-n9mlzy3q.digested.js:139
[    2368ms] [WARNING] [THEME 29 'PDF previews'] DEPRECATION NOTICE: Accessing `site.mobileView` or `site.desktopView` during the site initialization can lead to errors and inconsistencies when the browser window is resized. Please move these checks to a component, transformer, or API callback that executes during page rendering. [deprecated since Discourse 3.5.0.beta9-dev] [deprecation id: discourse.static-viewport-initialization] [info: https://meta.discourse.org/t/367810] @ https://cdn3.ldstatic.com/assets/br/runtime-CYyqkz5q-hfc2brma.digested.js:0
[    2868ms] [ERROR] Framing 'https://accounts.google.com/' violates the following report-only Content Security Policy directive: "frame-ancestors 'self'". The violation has been logged, but no further action has been taken.
 @ :0
[    3007ms] [ERROR] Not signed in with the identity provider. @ https://linux.do/login:0
[    4047ms] [ERROR] [GSI_LOGGER]: FedCM get() rejects with AbortError: signal is aborted without reason @ https://accounts.google.com/gsi/client:87
[    9323ms] [LOG] The next request for the Private Access Token challenge may return a 401 and show a warning in console. @ https://challenges.cloudflare.com/cdn-cgi/challenge-platform/h/b/turnstile/f/ov2/av0/rch/f9x94/0x4AAAAAAAc2BQjPEms9tKlM/auto/fbE/new/normal?lang=auto:0
[    9407ms] [ERROR] Failed to load resource: the server responded with a status of 401 () @ https://challenges.cloudflare.com/cdn-cgi/challenge-platform/h/b/pat/a0a9b71a883009fc/1781276329165/97bd6aae81642673ba9adbf253957b5950b671ca02f86666f01b126b9bb84ae3/vaOzb6T0fSBhp2I:0
[    9843ms] [LOG] /.*.*=.*/ @ https://challenges.cloudflare.com/cdn-cgi/challenge-platform/h/b/turnstile/f/ov2/av0/rch/f9x94/0x4AAAAAAAc2BQjPEms9tKlM/auto/fbE/new/normal?lang=auto:0
[    9843ms] [LOG] /.*.*=.*/ @ https://challenges.cloudflare.com/cdn-cgi/challenge-platform/h/b/turnstile/f/ov2/av0/rch/f9x94/0x4AAAAAAAc2BQjPEms9tKlM/auto/fbE/new/normal?lang=auto:0
[    9843ms] [LOG] function () { [native code] } @ https://challenges.cloudflare.com/cdn-cgi/challenge-platform/h/b/turnstile/f/ov2/av0/rch/f9x94/0x4AAAAAAAc2BQjPEms9tKlM/auto/fbE/new/normal?lang=auto:0
[    9844ms] [LOG] function () { [native code] } @ https://challenges.cloudflare.com/cdn-cgi/challenge-platform/h/b/turnstile/f/ov2/av0/rch/f9x94/0x4AAAAAAAc2BQjPEms9tKlM/auto/fbE/new/normal?lang=auto:0
[    9844ms] [LOG] JSHandle@node @ https://challenges.cloudflare.com/cdn-cgi/challenge-platform/h/b/turnstile/f/ov2/av0/rch/f9x94/0x4AAAAAAAc2BQjPEms9tKlM/auto/fbE/new/normal?lang=auto:0
[    9844ms] [LOG] JSHandle@node @ https://challenges.cloudflare.com/cdn-cgi/challenge-platform/h/b/turnstile/f/ov2/av0/rch/f9x94/0x4AAAAAAAc2BQjPEms9tKlM/auto/fbE/new/normal?lang=auto:0
[    9845ms] [COUNT] \0: 1 @ https://challenges.cloudflare.com/cdn-cgi/challenge-platform/h/b/turnstile/f/ov2/av0/rch/f9x94/0x4AAAAAAAc2BQjPEms9tKlM/auto/fbE/new/normal?lang=auto:0
[    9845ms] [COUNT] \0: 1 @ https://challenges.cloudflare.com/cdn-cgi/challenge-platform/h/b/turnstile/f/ov2/av0/rch/f9x94/0x4AAAAAAAc2BQjPEms9tKlM/auto/fbE/new/normal?lang=auto:0
[    9845ms] [DIR]  Error @ https://challenges.cloudflare.com/cdn-cgi/challenge-platform/h/b/turnstile/f/ov2/av0/rch/f9x94/0x4AAAAAAAc2BQjPEms9tKlM/auto/fbE/new/normal?lang=auto:0
[    9846ms] [DIR]  Error @ https://challenges.cloudflare.com/cdn-cgi/challenge-platform/h/b/turnstile/f/ov2/av0/rch/f9x94/0x4AAAAAAAc2BQjPEms9tKlM/auto/fbE/new/normal?lang=auto:0
[    9846ms] [DIRXML] %c%d font-size:0;color:transparent Error @ https://challenges.cloudflare.com/cdn-cgi/challenge-platform/h/b/turnstile/f/ov2/av0/rch/f9x94/0x4AAAAAAAc2BQjPEms9tKlM/auto/fbE/new/normal?lang=auto:0
[    9847ms] [DIRXML] %c%d font-size:0;color:transparent Error @ https://challenges.cloudflare.com/cdn-cgi/challenge-platform/h/b/turnstile/f/ov2/av0/rch/f9x94/0x4AAAAAAAc2BQjPEms9tKlM/auto/fbE/new/normal?lang=auto:0
[    9847ms] [ERROR] %c%d font-size:0;color:transparent NaN @ https://challenges.cloudflare.com/cdn-cgi/challenge-platform/h/b/turnstile/f/ov2/av0/rch/f9x94/0x4AAAAAAAc2BQjPEms9tKlM/auto/fbE/new/normal?lang=auto:0
[    9847ms] [ERROR] %c%d font-size:0;color:transparent NaN @ https://challenges.cloudflare.com/cdn-cgi/challenge-platform/h/b/turnstile/f/ov2/av0/rch/f9x94/0x4AAAAAAAc2BQjPEms9tKlM/auto/fbE/new/normal?lang=auto:0
[    9847ms] [INFO] %c%d font-size:0;color:transparent NaN @ https://challenges.cloudflare.com/cdn-cgi/challenge-platform/h/b/turnstile/f/ov2/av0/rch/f9x94/0x4AAAAAAAc2BQjPEms9tKlM/auto/fbE/new/normal?lang=auto:0
[    9847ms] [INFO] %c%d font-size:0;color:transparent NaN @ https://challenges.cloudflare.com/cdn-cgi/challenge-platform/h/b/turnstile/f/ov2/av0/rch/f9x94/0x4AAAAAAAc2BQjPEms9tKlM/auto/fbE/new/normal?lang=auto:0
[    9847ms] [LOG] %c%d font-size:0;color:transparent NaN @ https://challenges.cloudflare.com/cdn-cgi/challenge-platform/h/b/turnstile/f/ov2/av0/rch/f9x94/0x4AAAAAAAc2BQjPEms9tKlM/auto/fbE/new/normal?lang=auto:0
[    9847ms] [LOG] %c%d font-size:0;color:transparent NaN @ https://challenges.cloudflare.com/cdn-cgi/challenge-platform/h/b/turnstile/f/ov2/av0/rch/f9x94/0x4AAAAAAAc2BQjPEms9tKlM/auto/fbE/new/normal?lang=auto:0
[    9848ms] [TABLE] %c%d font-size:0;color:transparent Error @ https://challenges.cloudflare.com/cdn-cgi/challenge-platform/h/b/turnstile/f/ov2/av0/rch/f9x94/0x4AAAAAAAc2BQjPEms9tKlM/auto/fbE/new/normal?lang=auto:0
[    9848ms] [TABLE] %c%d font-size:0;color:transparent Error @ https://challenges.cloudflare.com/cdn-cgi/challenge-platform/h/b/turnstile/f/ov2/av0/rch/f9x94/0x4AAAAAAAc2BQjPEms9tKlM/auto/fbE/new/normal?lang=auto:0
[    9849ms] [WARNING] %c%d font-size:0;color:transparent NaN @ https://challenges.cloudflare.com/cdn-cgi/challenge-platform/h/b/turnstile/f/ov2/av0/rch/f9x94/0x4AAAAAAAc2BQjPEms9tKlM/auto/fbE/new/normal?lang=auto:0
[    9849ms] [WARNING] %c%d font-size:0;color:transparent NaN @ https://challenges.cloudflare.com/cdn-cgi/challenge-platform/h/b/turnstile/f/ov2/av0/rch/f9x94/0x4AAAAAAAc2BQjPEms9tKlM/auto/fbE/new/normal?lang=auto:0
[    9959ms] [ERROR] This document requires 'TrustedScript' assignment. The action has been blocked. @ https://challenges.cloudflare.com/cdn-cgi/challenge-platform/h/b/turnstile/f/ov2/av0/rch/f9x94/0x4AAAAAAAc2BQjPEms9tKlM/auto/fbE/new/normal?lang=auto:0
[    9959ms] [ERROR] This document requires 'TrustedScript' assignment. The action has been blocked. @ https://challenges.cloudflare.com/cdn-cgi/challenge-platform/h/b/turnstile/f/ov2/av0/rch/f9x94/0x4AAAAAAAc2BQjPEms9tKlM/auto/fbE/new/normal?lang=auto:0
[   13436ms] [WARNING] The resource https://challenges.cloudflare.com/cdn-cgi/challenge-platform/h/b/cmg/1 was preloaded using link preload but not used within a few seconds from the window's load event. Please make sure it has an appropriate `as` value and it is preloaded intentionally. @ https://challenges.cloudflare.com/cdn-cgi/challenge-platform/h/b/turnstile/f/ov2/av0/rch/f9x94/0x4AAAAAAAc2BQjPEms9tKlM/auto/fbE/new/normal?lang=auto:0
[   64583ms] [WARNING] ⚠️ React Router Future Flag Warning: React Router will begin wrapping state updates in `React.startTransition` in v7. You can use the `v7_startTransition` future flag to opt-in early. For more information, see https://reactrouter.com/v6/upgrading/future#v7_starttransition. @ https://anyrouter.top/assets/react-core-DtMAePju.js:49
[   64583ms] [WARNING] ⚠️ React Router Future Flag Warning: Relative route resolution within Splat routes is changing in v7. You can use the `v7_relativeSplatPath` future flag to opt-in early. For more information, see https://reactrouter.com/v6/upgrading/future#v7_relativesplatpath. @ https://anyrouter.top/assets/react-core-DtMAePju.js:49
