[     130ms] [WARNING] ⚠️ React Router Future Flag Warning: React Router will begin wrapping state updates in `React.startTransition` in v7. You can use the `v7_startTransition` future flag to opt-in early. For more information, see https://reactrouter.com/v6/upgrading/future#v7_starttransition. @ https://anyrouter.top/assets/react-core-DtMAePju.js:49
[     130ms] [WARNING] ⚠️ React Router Future Flag Warning: Relative route resolution within Splat routes is changing in v7. You can use the `v7_relativeSplatPath` future flag to opt-in early. For more information, see https://reactrouter.com/v6/upgrading/future#v7_relativesplatpath. @ https://anyrouter.top/assets/react-core-DtMAePju.js:49
[   44897ms] [ERROR] Refused to get unsafe header "X-Sg-Cs" @ https://www.google.com/search?q=linuxdo&oq=linuxdo&gs_lcrp=EgZjaHJvbWUyBggAEEUYOTIQCAEQABiDARixAxiABBiKBTIHCAIQABiABDIHCAMQABiABDIJCAQQABgKGIAEMgcIBRAAGIAEMgYIBhBFGDwyBggHEEUYPNIBCDQzMjhqMGo0qAIAsAIB&sourceid=chrome&ie=UTF-8&source=chrome.ob&sei=tx8sarPSCLOjvr0PhOCF0AY:44
[   44897ms] [ERROR] Refused to get unsafe header "X-Sorry-Redirect" @ https://www.google.com/search?q=linuxdo&oq=linuxdo&gs_lcrp=EgZjaHJvbWUyBggAEEUYOTIQCAEQABiDARixAxiABBiKBTIHCAIQABiABDIHCAMQABiABDIJCAQQABgKGIAEMgcIBRAAGIAEMgYIBhBFGDwyBggHEEUYPNIBCDQzMjhqMGo0qAIAsAIB&sourceid=chrome&ie=UTF-8&source=chrome.ob&sei=tx8sarPSCLOjvr0PhOCF0AY:44
[   45136ms] [ERROR] Refused to get unsafe header "X-Sg-Cs" @ https://www.google.com/search?q=linuxdo&oq=linuxdo&gs_lcrp=EgZjaHJvbWUyBggAEEUYOTIQCAEQABiDARixAxiABBiKBTIHCAIQABiABDIHCAMQABiABDIJCAQQABgKGIAEMgcIBRAAGIAEMgYIBhBFGDwyBggHEEUYPNIBCDQzMjhqMGo0qAIAsAIB&sourceid=chrome&ie=UTF-8&source=chrome.ob&sei=tx8sarPSCLOjvr0PhOCF0AY:44
[   45136ms] [ERROR] Refused to get unsafe header "X-Sorry-Redirect" @ https://www.google.com/search?q=linuxdo&oq=linuxdo&gs_lcrp=EgZjaHJvbWUyBggAEEUYOTIQCAEQABiDARixAxiABBiKBTIHCAIQABiABDIHCAMQABiABDIJCAQQABgKGIAEMgcIBRAAGIAEMgYIBhBFGDwyBggHEEUYPNIBCDQzMjhqMGo0qAIAsAIB&sourceid=chrome&ie=UTF-8&source=chrome.ob&sei=tx8sarPSCLOjvr0PhOCF0AY:44
[   46998ms] [LOG] ℹ️ Discourse v2026.6.0-latest — https://github.com/discourse/discourse/commits/7f4fd5cf63 — Ember v6.10.1 @ https://cdn3.ldstatic.com/assets/br/discourse-n9mlzy3q.digested.js:139
[   47072ms] [WARNING] [THEME 29 'PDF previews'] DEPRECATION NOTICE: Accessing `site.mobileView` or `site.desktopView` during the site initialization can lead to errors and inconsistencies when the browser window is resized. Please move these checks to a component, transformer, or API callback that executes during page rendering. [deprecated since Discourse 3.5.0.beta9-dev] [deprecation id: discourse.static-viewport-initialization] [info: https://meta.discourse.org/t/367810] @ https://cdn3.ldstatic.com/assets/br/runtime-CYyqkz5q-hfc2brma.digested.js:0
[   49353ms] [LOG] The next request for the Private Access Token challenge may return a 401 and show a warning in console. @ https://challenges.cloudflare.com/cdn-cgi/challenge-platform/h/b/turnstile/f/ov2/av0/rch/pt43j/0x4AAAAAAAc2BQjPEms9tKlM/auto/fbE/new/normal?lang=auto:0
[   49444ms] [ERROR] Failed to load resource: the server responded with a status of 401 () @ https://challenges.cloudflare.com/cdn-cgi/challenge-platform/h/b/pat/a0a9bdf55d0e09fc/1781276604670/2f39d8366b72e6a41965801aa0b09c7bcad9ac214637668f50b85a71c1d4c134/LHilRmw5vEl3YV8:0
[   49667ms] [LOG] /.*.*=.*/ @ https://challenges.cloudflare.com/cdn-cgi/challenge-platform/h/b/turnstile/f/ov2/av0/rch/pt43j/0x4AAAAAAAc2BQjPEms9tKlM/auto/fbE/new/normal?lang=auto:0
[   49667ms] [LOG] /.*.*=.*/ @ https://challenges.cloudflare.com/cdn-cgi/challenge-platform/h/b/turnstile/f/ov2/av0/rch/pt43j/0x4AAAAAAAc2BQjPEms9tKlM/auto/fbE/new/normal?lang=auto:0
[   49668ms] [LOG] function () { [native code] } @ https://challenges.cloudflare.com/cdn-cgi/challenge-platform/h/b/turnstile/f/ov2/av0/rch/pt43j/0x4AAAAAAAc2BQjPEms9tKlM/auto/fbE/new/normal?lang=auto:0
[   49668ms] [LOG] function () { [native code] } @ https://challenges.cloudflare.com/cdn-cgi/challenge-platform/h/b/turnstile/f/ov2/av0/rch/pt43j/0x4AAAAAAAc2BQjPEms9tKlM/auto/fbE/new/normal?lang=auto:0
[   49668ms] [LOG] JSHandle@node @ https://challenges.cloudflare.com/cdn-cgi/challenge-platform/h/b/turnstile/f/ov2/av0/rch/pt43j/0x4AAAAAAAc2BQjPEms9tKlM/auto/fbE/new/normal?lang=auto:0
[   49668ms] [LOG] JSHandle@node @ https://challenges.cloudflare.com/cdn-cgi/challenge-platform/h/b/turnstile/f/ov2/av0/rch/pt43j/0x4AAAAAAAc2BQjPEms9tKlM/auto/fbE/new/normal?lang=auto:0
[   49669ms] [COUNT] \0: 1 @ https://challenges.cloudflare.com/cdn-cgi/challenge-platform/h/b/turnstile/f/ov2/av0/rch/pt43j/0x4AAAAAAAc2BQjPEms9tKlM/auto/fbE/new/normal?lang=auto:0
[   49669ms] [COUNT] \0: 1 @ https://challenges.cloudflare.com/cdn-cgi/challenge-platform/h/b/turnstile/f/ov2/av0/rch/pt43j/0x4AAAAAAAc2BQjPEms9tKlM/auto/fbE/new/normal?lang=auto:0
[   49670ms] [DIR]  Error @ https://challenges.cloudflare.com/cdn-cgi/challenge-platform/h/b/turnstile/f/ov2/av0/rch/pt43j/0x4AAAAAAAc2BQjPEms9tKlM/auto/fbE/new/normal?lang=auto:0
[   49670ms] [DIR]  Error @ https://challenges.cloudflare.com/cdn-cgi/challenge-platform/h/b/turnstile/f/ov2/av0/rch/pt43j/0x4AAAAAAAc2BQjPEms9tKlM/auto/fbE/new/normal?lang=auto:0
[   49673ms] [DIRXML] %c%d font-size:0;color:transparent Error @ https://challenges.cloudflare.com/cdn-cgi/challenge-platform/h/b/turnstile/f/ov2/av0/rch/pt43j/0x4AAAAAAAc2BQjPEms9tKlM/auto/fbE/new/normal?lang=auto:0
[   49674ms] [DIRXML] %c%d font-size:0;color:transparent Error @ https://challenges.cloudflare.com/cdn-cgi/challenge-platform/h/b/turnstile/f/ov2/av0/rch/pt43j/0x4AAAAAAAc2BQjPEms9tKlM/auto/fbE/new/normal?lang=auto:0
[   49675ms] [ERROR] %c%d font-size:0;color:transparent NaN @ https://challenges.cloudflare.com/cdn-cgi/challenge-platform/h/b/turnstile/f/ov2/av0/rch/pt43j/0x4AAAAAAAc2BQjPEms9tKlM/auto/fbE/new/normal?lang=auto:0
[   49675ms] [ERROR] %c%d font-size:0;color:transparent NaN @ https://challenges.cloudflare.com/cdn-cgi/challenge-platform/h/b/turnstile/f/ov2/av0/rch/pt43j/0x4AAAAAAAc2BQjPEms9tKlM/auto/fbE/new/normal?lang=auto:0
[   49675ms] [INFO] %c%d font-size:0;color:transparent NaN @ https://challenges.cloudflare.com/cdn-cgi/challenge-platform/h/b/turnstile/f/ov2/av0/rch/pt43j/0x4AAAAAAAc2BQjPEms9tKlM/auto/fbE/new/normal?lang=auto:0
[   49675ms] [INFO] %c%d font-size:0;color:transparent NaN @ https://challenges.cloudflare.com/cdn-cgi/challenge-platform/h/b/turnstile/f/ov2/av0/rch/pt43j/0x4AAAAAAAc2BQjPEms9tKlM/auto/fbE/new/normal?lang=auto:0
[   49676ms] [LOG] %c%d font-size:0;color:transparent NaN @ https://challenges.cloudflare.com/cdn-cgi/challenge-platform/h/b/turnstile/f/ov2/av0/rch/pt43j/0x4AAAAAAAc2BQjPEms9tKlM/auto/fbE/new/normal?lang=auto:0
[   49676ms] [LOG] %c%d font-size:0;color:transparent NaN @ https://challenges.cloudflare.com/cdn-cgi/challenge-platform/h/b/turnstile/f/ov2/av0/rch/pt43j/0x4AAAAAAAc2BQjPEms9tKlM/auto/fbE/new/normal?lang=auto:0
[   49676ms] [TABLE] %c%d font-size:0;color:transparent Error @ https://challenges.cloudflare.com/cdn-cgi/challenge-platform/h/b/turnstile/f/ov2/av0/rch/pt43j/0x4AAAAAAAc2BQjPEms9tKlM/auto/fbE/new/normal?lang=auto:0
[   49679ms] [TABLE] %c%d font-size:0;color:transparent Error @ https://challenges.cloudflare.com/cdn-cgi/challenge-platform/h/b/turnstile/f/ov2/av0/rch/pt43j/0x4AAAAAAAc2BQjPEms9tKlM/auto/fbE/new/normal?lang=auto:0
[   49681ms] [WARNING] %c%d font-size:0;color:transparent NaN @ https://challenges.cloudflare.com/cdn-cgi/challenge-platform/h/b/turnstile/f/ov2/av0/rch/pt43j/0x4AAAAAAAc2BQjPEms9tKlM/auto/fbE/new/normal?lang=auto:0
[   49682ms] [WARNING] %c%d font-size:0;color:transparent NaN @ https://challenges.cloudflare.com/cdn-cgi/challenge-platform/h/b/turnstile/f/ov2/av0/rch/pt43j/0x4AAAAAAAc2BQjPEms9tKlM/auto/fbE/new/normal?lang=auto:0
[   49869ms] [ERROR] This document requires 'TrustedScript' assignment. The action has been blocked. @ https://challenges.cloudflare.com/cdn-cgi/challenge-platform/h/b/turnstile/f/ov2/av0/rch/pt43j/0x4AAAAAAAc2BQjPEms9tKlM/auto/fbE/new/normal?lang=auto:0
[   49870ms] [ERROR] This document requires 'TrustedScript' assignment. The action has been blocked. @ https://challenges.cloudflare.com/cdn-cgi/challenge-platform/h/b/turnstile/f/ov2/av0/rch/pt43j/0x4AAAAAAAc2BQjPEms9tKlM/auto/fbE/new/normal?lang=auto:0
[   53327ms] [WARNING] The resource https://challenges.cloudflare.com/cdn-cgi/challenge-platform/h/b/cmg/1 was preloaded using link preload but not used within a few seconds from the window's load event. Please make sure it has an appropriate `as` value and it is preloaded intentionally. @ https://challenges.cloudflare.com/cdn-cgi/challenge-platform/h/b/turnstile/f/ov2/av0/rch/pt43j/0x4AAAAAAAc2BQjPEms9tKlM/auto/fbE/new/normal?lang=auto:0
